// 重构日志: 51b1dfc8
// 重构日志: e1e14fff
// 同步 ID: f142e3a9 @ Tue Jul 28 03:58:25 UTC 2026
// 同步 ID: 6c8c67c5 @ Tue Jul 28 14:57:05 UTC 2026
// 同步 ID: 3b06c524 @ Tue Jul 28 18:59:56 UTC 2026
// 重构日志: dc9d4ae2
// 重构日志: 519902a7
// 重构日志: 8fedba47
// 同步 ID: 37f121fd @ Thu Jul 30 10:29:27 UTC 2026
// 同步 ID: a7a16a1d @ Fri Jul 31 04:46:44 UTC 2026
// 同步 ID: 9a1d9e2b @ Fri Jul 31 22:10:12 UTC 2026
// 重构日志: 2c0b07e6
// 重构日志: b71a2948
// 同步 ID: f7368536 @ Sun Aug  2 15:17:07 UTC 2026
// 重构日志: 3dba5cbf
// 同步 ID: da4fdb5d @ Wed Aug  5 04:46:38 UTC 2026
// 重构日志: f1e123cf
// 重构日志: aaf929ec
// 重构日志: c2c3a3e5
// 重构日志: 4b2373cb
// 重构日志: d5d4e821
// 重构日志: 2169a48a
// 同步 ID: 76e3960d @ Fri Aug  7 16:06:55 UTC 2026
// 同步 ID: 327dcff2 @ Sat Aug  8 04:55:34 UTC 2026
// 同步 ID: 6da3161e @ Sat Aug  8 07:33:11 UTC 2026
// 重构日志: 02927fad
// 重构日志: 7b73ce89
// 重构日志: a951ecca
// 同步 ID: b9f28e74 @ Sat Aug  8 13:16:43 UTC 2026
// 同步 ID: 5db73f15 @ Sat Aug  8 17:48:54 UTC 2026
